
R version 4.5.1 (2025-06-13) -- "Great Square Root"
Copyright (C) 2025 The R Foundation for Statistical Computing
Platform: x86_64-pc-linux-gnu

R is free software and comes with ABSOLUTELY NO WARRANTY.
You are welcome to redistribute it under certain conditions.
Type 'license()' or 'licence()' for distribution details.

R is a collaborative project with many contributors.
Type 'contributors()' for more information and
'citation()' on how to cite R or R packages in publications.

Type 'demo()' for some demos, 'help()' for on-line help, or
'help.start()' for an HTML browser interface to help.
Type 'q()' to quit R.

[Previously saved workspace restored]

> 
> library("rms")
Loading required package: Hmisc

Attaching package: ‘Hmisc’

The following objects are masked from ‘package:base’:

    format.pval, units

> set.seed(290875)
> 
> x <- runif(2000)
> y <- round(rnorm(length(x), mean = 2 * x, sd = .25), 1)
> d <- data.frame(y = y, x = x)
> 
> mO <- lrm(y ~ x, data = d, opt_method = "nlminb", trace = TRUE)
  0:     12887.956:  6.90675  5.19749  4.54582  3.94413  3.13968  2.71662  2.15893  1.82780  1.46962  1.17196 0.929629 0.703666 0.519368 0.296146 0.0840494 -0.124159 -0.328934 -0.508693 -0.714977 -0.937033 -1.20267 -1.50959 -1.76632 -2.20839 -2.75154 -3.27326 -3.81797 -4.29147 -4.95482 -5.65149 -6.50079 -7.60040  0.00000
  1:     12194.623:  6.90657  5.19373  4.53311  3.91231  3.07019  2.62055  2.02230  1.66496  1.27611 0.951837 0.686895 0.439387 0.237099 -0.00761892 -0.238322 -0.462466 -0.680576 -0.869852 -1.08405 -1.31032 -1.57421 -1.86945 -2.11126 -2.51644 -2.99231 -3.43949 -3.91336 -4.34207 -4.97243 -5.65565 -6.50137 -7.60046  1.59949
  2:     11510.686:  6.89435  5.09881  4.36420  3.65206  2.69448  2.19121  1.52562  1.12961 0.697165 0.333822 0.0342734 -0.247683 -0.479735 -0.762280 -1.02966 -1.28977 -1.54320 -1.76237 -2.00848 -2.26548 -2.56008 -2.88219 -3.13838 -3.54816 -3.99127 -4.36072 -4.69631 -4.96447 -5.35026 -5.82310 -6.54272 -7.60457  3.02468
  3:     9795.5058:  4.65311  2.65831  1.93338  1.26683 0.365407 -0.134794 -0.844661 -1.30386 -1.84064 -2.32813 -2.75576 -3.17626 -3.53461 -3.98500 -4.42144 -4.85217 -5.27845 -5.64746 -6.05746 -6.47896 -6.95126 -7.45565 -7.84598 -8.44875 -9.07981 -9.60096 -10.0770 -10.4526 -10.9580 -11.4705 -11.9609 -12.2995  9.14513
  4:     9421.3324:  4.26633  2.57906  1.89313  1.22824 0.277760 -0.280349 -1.11389 -1.67495 -2.34954 -2.98699 -3.56547 -4.14567 -4.64733 -5.28827 -5.91547 -6.53696 -7.16048 -7.69780 -8.28346 -8.87161 -9.51316 -10.1850 -10.6900 -11.4438 -12.2116 -12.8495 -13.4486 -13.9289 -14.5746 -15.2327 -15.9290 -16.4966  12.4071
  5:     9382.6095:  4.23236  2.49623  1.80637  1.13801 0.177910 -0.392832 -1.26159 -1.85586 -2.57808 -3.27299 -3.91631 -4.56767 -5.13392 -5.86532 -6.58482 -7.29837 -8.02552 -8.65055 -9.32085 -9.98278 -10.6941 -11.4338 -11.9798 -12.7809 -13.5858 -14.2572 -14.8978 -15.4173 -16.1175 -16.8349 -17.6642 -18.5009  13.8734
  6:     9381.9870:  4.22146  2.48333  1.79305  1.12399 0.162512 -0.409574 -1.28201 -1.87981 -2.60705 -3.30826 -3.95963 -4.61998 -5.19419 -5.93762 -6.66954 -7.39505 -8.13835 -8.77687 -9.45853 -10.1293 -10.8485 -11.5962 -12.1464 -12.9519 -13.7598 -14.4337 -15.0779 -15.6012 -16.3069 -17.0306 -17.8921 -18.9283  14.0622
  7:     9381.9796:  4.22128  2.48314  1.79285  1.12378 0.162280 -0.409827 -1.28232 -1.88015 -2.60746 -3.30874 -3.96023 -4.62070 -5.19500 -5.93861 -6.67071 -7.39637 -8.13997 -8.77873 -9.46054 -10.1314 -10.8507 -11.5985 -12.1487 -12.9543 -13.7622 -14.4362 -15.0804 -15.6037 -16.3094 -17.0332 -17.8961 -18.9962  14.0649
  8:     9381.9795:  4.22128  2.48314  1.79285  1.12378 0.162280 -0.409827 -1.28232 -1.88016 -2.60746 -3.30874 -3.96023 -4.62070 -5.19500 -5.93861 -6.67071 -7.39637 -8.13997 -8.77873 -9.46054 -10.1314 -10.8507 -11.5985 -12.1487 -12.9543 -13.7622 -14.4362 -15.0804 -15.6037 -16.3094 -17.0332 -17.8960 -19.0008  14.0649
  9:     9381.9795:  4.22128  2.48314  1.79285  1.12378 0.162280 -0.409827 -1.28232 -1.88016 -2.60746 -3.30874 -3.96023 -4.62070 -5.19500 -5.93861 -6.67071 -7.39637 -8.13997 -8.77873 -9.46054 -10.1314 -10.8507 -11.5985 -12.1487 -12.9543 -13.7622 -14.4362 -15.0804 -15.6037 -16.3094 -17.0332 -17.8960 -19.0008  14.0649
Warning message:
In nlminb(start = init, objective = logl, gradient = grad, hessian = Hess,  :
  NA/NaN function evaluation
> 
> ### output from experimental tram, same algorithm but increasing intercepts
> ### eval means evaluation of logLik by nlminb
> ### "Violated" is an infeasible parameter vector (Ry(2.3,2.4] > Ry(2.4,2.5])
> ### "Success" is an objective evaluation
> #mP <- Polr(Ry ~ x, data = d, LRtest = FALSE, optim =
> #           mltoptim(trace = TRUE, nlminb = list(checkconstraints = TRUE))["nlminb"])
> #Success:
> #[1] 6463.162
> #Success:
> #[1] 6444.987
> #Success:
> #[1] 6443.983
> #Success:
> #[1] 6443.978
> #Success:
> #[1] 6443.978
> #Success:
> #[1] 6463.162
> #  0:     6463.1615: -6.90675 -5.72584 -4.82028 -4.20165 -3.46754 -2.90819 -2.40556 -1.98299 -1.63791 -1.31441 -1.04727 -0.814182 -0.610260 -0.406507 -0.189566 0.0200007 0.225956 0.417981 0.610260 0.823600  1.06555  1.34921  1.63241  1.96897  2.44916  2.98191  3.51103  4.02790  4.57017  5.24426  5.98896  6.90675 -1.48463e-08
> #Success:
> #[1] 6282.541
> #Success:
> #[1] 6164.609
> #  1:     6164.6093: -6.93199 -5.64227 -4.82203 -4.15241 -3.28806 -2.79872 -2.18889 -1.81269 -1.41503 -1.07913 -0.806358 -0.554720 -0.348736 -0.108854 0.122502 0.346228 0.563381 0.751643 0.961912  1.18465  1.44273  1.73188  1.95900  2.34248  2.79850  3.20882  3.65607  4.05574  4.61960  5.25170  5.99506  6.91295  1.38832
> #Success:
> #[1] 5835.939
> #Violated:
> #Ry(-Inf,-0.5] Ry(-0.5,-0.4] Ry(-0.4,-0.3] Ry(-0.3,-0.2] Ry(-0.2,-0.1] 
> #   -6.1857793    -4.2251015    -3.2598116    -2.4236124    -1.3818594 
> #   Ry(-0.1,0]     Ry(0,0.1]   Ry(0.1,0.2]   Ry(0.2,0.3]   Ry(0.3,0.4] 
> #   -0.8423014    -0.1384784     0.2910920     0.7666969     1.1805944 
> #  Ry(0.4,0.5]   Ry(0.5,0.6]   Ry(0.6,0.7]   Ry(0.7,0.8]   Ry(0.8,0.9] 
> #    1.5304606     1.8650045     2.1456004     2.4856083     2.8162921 
> #    Ry(0.9,1]     Ry(1,1.1]   Ry(1.1,1.2]   Ry(1.2,1.3]   Ry(1.3,1.4] 
> #    3.1402749     3.4584625     3.7342551     4.0407693     4.3601489 
> #  Ry(1.4,1.5]   Ry(1.5,1.6]   Ry(1.6,1.7]   Ry(1.7,1.8]   Ry(1.8,1.9] 
> #    4.7223928     5.1158598     5.4195782     5.9019387     6.4190971 
> #    Ry(1.9,2]     Ry(2,2.1]   Ry(2.1,2.2]   Ry(2.2,2.3]   Ry(2.3,2.4] 
> #    6.8418384     7.2054341     7.4480572     7.6775326     7.7192754 
> #  Ry(2.4,2.5]   Ry(2.5,2.6]             x 
> #    7.7068038     7.8319930     6.1038123 
> #  2:     5835.9393: -6.95618 -5.46099 -4.64611 -3.88225 -2.88541 -2.36121 -1.68287 -1.28085 -0.846561 -0.483230 -0.185360 0.0934469 0.322379 0.598009 0.859790  1.11381  1.36078  1.57416  1.81299  2.06256  2.34837  2.66097  2.90814  3.30472  3.73351  4.09356  4.41420  4.66697  5.02917  5.44156  6.05849  6.93630  2.71978
> #Success:
> #[1] 5371.449
> #Success:
> #[1] 4918.609
> #  3:     4918.6093: -4.54047 -2.63175 -1.89669 -1.22783 -0.329574 0.165149 0.865732  1.31846  1.84637  2.32541  2.74492  3.15669  3.50759  3.94563  4.37183  4.79219  5.20789  5.56779  5.96705  6.37822  6.83913  7.33194  7.71216  8.30124  8.91809  9.42876  9.88836  10.2471  10.7273  11.2030  11.6830  12.0951  9.00103
> #Success:
> #[1] 4714.031
> #  4:     4714.0312: -4.29697 -2.58138 -1.89677 -1.23211 -0.282638 0.273789  1.10343  1.66132  2.33115  2.96355  3.53662  4.11073  4.60713  5.23864  5.85811  6.47173  7.08678  7.61692  8.19457  8.77569  9.41017  10.0752  10.5749  11.3226  12.0847  12.7182  13.3084  13.7786  14.4087  15.0430  15.7293  16.3919  12.2775
> #Success:
> #[1] 4691.359
> #  5:     4691.3590: -4.23585 -2.49833 -1.80855 -1.14030 -0.180399 0.390110  1.25822  1.85188  2.57319  3.26706  3.90913  4.55904  5.12408  5.85304  6.57060  7.28220  8.00691  8.62991  9.29817  9.95853  10.6684  11.4067  11.9518  12.7520  13.5562  14.2270  14.8662  15.3839  16.0809  16.7929  17.6178  18.5389  13.8417
> #Success:
> #[1] 4690.991
> #  6:     4690.9907: -4.22153 -2.48340 -1.79312 -1.12406 -0.162593 0.409485  1.28190  1.87968  2.60690  3.30808  3.95942  4.61973  5.19391  5.93726  6.66912  7.39458  8.13778  8.77622  9.45782  10.1285  10.8477  11.5954  12.1455  12.9511  13.7589  14.4328  15.0770  15.6003  16.3059  17.0294  17.8905  18.9627  14.0613
> #Success:
> #[1] 4690.99
> #  7:     4690.9898: -4.22128 -2.48314 -1.79285 -1.12378 -0.162280 0.409827  1.28232  1.88015  2.60746  3.30874  3.96023  4.62070  5.19500  5.93861  6.67071  7.39637  8.13997  8.77873  9.46054  10.1314  10.8507  11.5985  12.1487  12.9543  13.7622  14.4362  15.0804  15.6037  16.3094  17.0332  17.8960  18.9998  14.0649
> #Success:
> #[1] 4690.99
> #  8:     4690.9898: -4.22128 -2.48314 -1.79285 -1.12378 -0.162280 0.409827  1.28232  1.88016  2.60746  3.30874  3.96023  4.62070  5.19500  5.93861  6.67071  7.39637  8.13997  8.77873  9.46054  10.1314  10.8507  11.5985  12.1487  12.9543  13.7622  14.4362  15.0804  15.6037  16.3094  17.0332  17.8960  19.0008  14.0649
> #Success:
> #[1] 4690.99
> #  9:     4690.9898: -4.22128 -2.48314 -1.79285 -1.12378 -0.162280 0.409827  1.28232  1.88016  2.60746  3.30874  3.96023  4.62070  5.19500  5.93861  6.67071  7.39637  8.13997  8.77873  9.46054  10.1314  10.8507  11.5985  12.1487  12.9543  13.7622  14.4362  15.0804  15.6037  16.3094  17.0332  17.8960  19.0008  14.0649
> #Success:
> #[1] 4690.99
> 
> proc.time()
   user  system elapsed 
  1.444   0.145   1.576 
